// Jest Snapshot v1, https://goo.gl/fbAQLP

exports[`Renders a DrawerPage Should Render DrawerPage 1`] = `[Function]`;
