// Jest Snapshot v1, https://goo.gl/fbAQLP

exports[`Header and Logo Logo 1`] = `
<div
  className="Logo"
  id="logo-background"
>
  <img
    src="src/assets/good-manors-logo.png"
  />
</div>
`;

exports[`Header and Logo Should render a Header 1`] = `
<header
  className="Header"
>
  <Logo />
</header>
`;
