// Jest Snapshot v1, https://goo.gl/fbAQLP

exports[`Renders a HomePage container Should render a HomePage 1`] = `[Function]`;
