// Jest Snapshot v1, https://goo.gl/fbAQLP

exports[`LoginUser Renders a LoginUser container 1`] = `[Function]`;
