// Jest Snapshot v1, https://goo.gl/fbAQLP

exports[`Modals Modal.js 1`] = `[Function]`;
