// Jest Snapshot v1, https://goo.gl/fbAQLP

exports[`Renders a SignupUser container Should render a SignupUser 1`] = `[Function]`;
