// Jest Snapshot v1, https://goo.gl/fbAQLP

exports[`Renders a UserDash container Should render a UserDash 1`] = `[Function]`;
